
> gestforce@0.1.0 dev
> next dev

▲ Next.js 16.2.6 (Turbopack)
- Local:         http://localhost:3000
- Network:       http://192.168.56.1:3000
- Environments: .env.local
✓ Ready in 5.7s
⚠ The "middleware" file convention is deprecated. Please use "proxy" instead. Learn more: https://nextjs.org/docs/messages/middleware-to-proxy

○ Compiling / ...
 GET /login 200 in 33.7s (next.js: 32.5s, proxy.ts: 25ms, application-code: 1182ms)
 GET /login 200 in 33.2s (next.js: 32.9s, proxy.ts: 32ms, application-code: 358ms)
 GET / 200 in 54s (next.js: 48s, proxy.ts: 1687ms, application-code: 4.8s)
 GET /login 200 in 1695ms (next.js: 1178ms, proxy.ts: 41ms, application-code: 475ms)
✓ Compiled in 6.1s
○ Compiling /select-company ...
 GET /select-company 200 in 5.9s (next.js: 4.8s, proxy.ts: 519ms, application-code: 623ms)
 GET / 200 in 700ms (next.js: 225ms, proxy.ts: 264ms, application-code: 212ms)
 GET / 200 in 2.3s (next.js: 29ms, proxy.ts: 285ms, application-code: 1946ms)
 GET /select-company 200 in 1680ms (next.js: 215ms, proxy.ts: 267ms, application-code: 1199ms)
 GET / 200 in 508ms (next.js: 20ms, proxy.ts: 213ms, application-code: 274ms)
 GET / 200 in 350ms (next.js: 21ms, proxy.ts: 161ms, application-code: 168ms)
 GET /login 200 in 3.3s (next.js: 84ms, proxy.ts: 21ms, application-code: 3.2s)
 GET /select-company 200 in 712ms (next.js: 14ms, proxy.ts: 251ms, application-code: 446ms)
 GET / 200 in 1078ms (next.js: 17ms, proxy.ts: 196ms, application-code: 866ms)
 GET / 200 in 1007ms (next.js: 105ms, proxy.ts: 391ms, application-code: 511ms)
 GET /login 200 in 1182ms (next.js: 170ms, proxy.ts: 28ms, application-code: 984ms)
 GET /select-company 200 in 397ms (next.js: 20ms, proxy.ts: 210ms, application-code: 167ms)
 GET / 200 in 421ms (next.js: 16ms, proxy.ts: 150ms, application-code: 255ms)
 GET / 200 in 914ms (next.js: 47ms, proxy.ts: 211ms, application-code: 656ms)
✓ Compiled in 12.4s
 GET / 200 in 1018ms (next.js: 40ms, proxy.ts: 485ms, application-code: 493ms)
 GET /select-company 200 in 653ms (next.js: 49ms, proxy.ts: 249ms, application-code: 355ms)
 GET / 200 in 469ms (next.js: 18ms, proxy.ts: 155ms, application-code: 296ms)
 GET / 200 in 647ms (next.js: 198ms, proxy.ts: 168ms, application-code: 281ms)
✓ Compiled in 4.5s
 GET / 200 in 3.8s (next.js: 1557ms, proxy.ts: 1742ms, application-code: 525ms)
 GET / 200 in 2.2s (next.js: 16ms, proxy.ts: 372ms, application-code: 1824ms)
 GET /select-company 200 in 1896ms (next.js: 1155ms, proxy.ts: 393ms, application-code: 348ms)
 GET / 200 in 424ms (next.js: 14ms, proxy.ts: 170ms, application-code: 240ms)
 GET / 200 in 548ms (next.js: 32ms, proxy.ts: 210ms, application-code: 306ms)
✓ Compiled in 4.6s
 GET / 200 in 3.8s (next.js: 836ms, proxy.ts: 2.5s, application-code: 437ms)
Error: Cannot apply unknown utility class `border-border`
    [2m[at onInvalidCandidate (C:\Users\usuario\GestForce1\node_modules\tailwindcss\dist\lib.js:21:1511)][0m
    [2m[at Ne (C:\Users\usuario\GestForce1\node_modules\tailwindcss\dist\lib.js:16:38783)][0m
    [2m[at C:\Users\usuario\GestForce1\node_modules\tailwindcss\dist\lib.js:21:355][0m
    [2m[at zr (C:\Users\usuario\GestForce1\node_modules\tailwindcss\dist\lib.js:3:1733)][0m
    [2m[at I (C:\Users\usuario\GestForce1\node_modules\tailwindcss\dist\lib.js:3:1377)][0m
    [2m[at Ee (C:\Users\usuario\GestForce1\node_modules\tailwindcss\dist\lib.js:21:172)][0m
    [2m[at vn (C:\Users\usuario\GestForce1\node_modules\tailwindcss\dist\lib.js:38:294)][0m
    [2m[at async kn (C:\Users\usuario\GestForce1\node_modules\tailwindcss\dist\lib.js:38:631)][0m
    [2m[at async Xr (C:\Users\usuario\GestForce1\node_modules\@tailwindcss\node\dist\index.js:10:3415)][0m
    [2m[at async E (C:\Users\usuario\GestForce1\node_modules\@tailwindcss\postcss\dist\index.js:10:3983)][0m
✓ Compiled in 9.5s
[browser] ./src/app/globals.css
Error evaluating Node.js code
CssSyntaxError: tailwindcss: C:\Users\usuario\GestForce1\src\app\globals.css:1:1: Cannot apply unknown utility class `border-border`
    [at error (turbopack:///[project]/node_modules/postcss/lib/input.js:135:16)]
    [at error (turbopack:///[project]/node_modules/postcss/lib/node.js:146:32)]
    [at Object.Once (C:\Users\usuario\GestForce1\node_modules\@tailwindcss\postcss\dist\index.js:10:6917)]
    [at async LazyResult.runAsync (turbopack:///[project]/node_modules/postcss/lib/lazy-result.js:293:11)]
    [at async transform (turbopack:///[turbopack-node]/transforms/postcss.ts:70:34)]
    [at async run (turbopack:///[turbopack-node]/child_process/evaluate.ts:89:23)]

Import trace:
  Client Component Browser:
    ./src/app/globals.css [Client Component Browser]
    ./src/app/layout.tsx [Server Component] 
[browser] ./src/app/globals.css
Error evaluating Node.js code
CssSyntaxError: tailwindcss: C:\Users\usuario\GestForce1\src\app\globals.css:1:1: Cannot apply unknown utility class `border-border`
    [at error (turbopack:///[project]/node_modules/postcss/lib/input.js:135:16)]
    [at error (turbopack:///[project]/node_modules/postcss/lib/node.js:146:32)]
    [at Object.Once (C:\Users\usuario\GestForce1\node_modules\@tailwindcss\postcss\dist\index.js:10:6917)]
    [at async LazyResult.runAsync (turbopack:///[project]/node_modules/postcss/lib/lazy-result.js:293:11)]
    [at async transform (turbopack:///[turbopack-node]/transforms/postcss.ts:70:34)]
    [at async run (turbopack:///[turbopack-node]/child_process/evaluate.ts:89:23)]

Import trace:
  Client Component Browser:
    ./src/app/globals.css [Client Component Browser]
    ./src/app/layout.tsx [Server Component] 
[browser] ./src/app/globals.css
Error evaluating Node.js code
CssSyntaxError: tailwindcss: C:\Users\usuario\GestForce1\src\app\globals.css:1:1: Cannot apply unknown utility class `border-border`
    [at error (turbopack:///[project]/node_modules/postcss/lib/input.js:135:16)]
    [at error (turbopack:///[project]/node_modules/postcss/lib/node.js:146:32)]
    [at Object.Once (C:\Users\usuario\GestForce1\node_modules\@tailwindcss\postcss\dist\index.js:10:6917)]
    [at async LazyResult.runAsync (turbopack:///[project]/node_modules/postcss/lib/lazy-result.js:293:11)]
    [at async transform (turbopack:///[turbopack-node]/transforms/postcss.ts:70:34)]
    [at async run (turbopack:///[turbopack-node]/child_process/evaluate.ts:89:23)]

Import trace:
  Client Component Browser:
    ./src/app/globals.css [Client Component Browser]
    ./src/app/layout.tsx [Server Component] 
⨯ ./src/app/globals.css
Error evaluating Node.js code
CssSyntaxError: tailwindcss: C:\Users\usuario\GestForce1\src\app\globals.css:1:1: Cannot apply unknown utility class `border-border`
    [at error (turbopack:///[project]/node_modules/postcss/lib/input.js:135:16)]
    [at error (turbopack:///[project]/node_modules/postcss/lib/node.js:146:32)]
    [at Object.Once (C:\Users\usuario\GestForce1\node_modules\@tailwindcss\postcss\dist\index.js:10:6917)]
    [at async LazyResult.runAsync (turbopack:///[project]/node_modules/postcss/lib/lazy-result.js:293:11)]
    [at async transform (turbopack:///[turbopack-node]/transforms/postcss.ts:70:34)]
    [at async run (turbopack:///[turbopack-node]/child_process/evaluate.ts:89:23)]

Import trace:
  Client Component Browser:
    ./src/app/globals.css [Client Component Browser]
    ./src/app/layout.tsx [Server Component]


[browser] ./src/app/globals.css
Error evaluating Node.js code
CssSyntaxError: tailwindcss: C:\Users\usuario\GestForce1\src\app\globals.css:1:1: Cannot apply unknown utility class `border-border`
    [at error (turbopack:///[project]/node_modules/postcss/lib/input.js:135:16)]
    [at error (turbopack:///[project]/node_modules/postcss/lib/node.js:146:32)]
    [at Object.Once (C:\Users\usuario\GestForce1\node_modules\@tailwindcss\postcss\dist\index.js:10:6917)]
    [at async LazyResult.runAsync (turbopack:///[project]/node_modules/postcss/lib/lazy-result.js:293:11)]
    [at async transform (turbopack:///[turbopack-node]/transforms/postcss.ts:70:34)]
    [at async run (turbopack:///[turbopack-node]/child_process/evaluate.ts:89:23)]

Import trace:
  Client Component Browser:
    ./src/app/globals.css [Client Component Browser]
    ./src/app/layout.tsx [Server Component] 
○ Compiling /_error ...
[browser] ./src/app/globals.css
Error evaluating Node.js code
CssSyntaxError: tailwindcss: C:\Users\usuario\GestForce1\src\app\globals.css:1:1: Cannot apply unknown utility class `border-border`
    [at error (turbopack:///[project]/node_modules/postcss/lib/input.js:135:16)]
    [at error (turbopack:///[project]/node_modules/postcss/lib/node.js:146:32)]
    [at Object.Once (C:\Users\usuario\GestForce1\node_modules\@tailwindcss\postcss\dist\index.js:10:6917)]
    [at async LazyResult.runAsync (turbopack:///[project]/node_modules/postcss/lib/lazy-result.js:293:11)]
    [at async transform (turbopack:///[turbopack-node]/transforms/postcss.ts:70:34)]
    [at async run (turbopack:///[turbopack-node]/child_process/evaluate.ts:89:23)]

Import trace:
  Client Component Browser:
    ./src/app/globals.css [Client Component Browser]
    ./src/app/layout.tsx [Server Component] 
 GET / 500 in 9.8s (next.js: 8.3s, proxy.ts: 465ms, application-code: 1047ms)
[browser] Uncaught Error: ./src/app/globals.css
Error evaluating Node.js code
CssSyntaxError: tailwindcss: C:\Users\usuario\GestForce1\src\app\globals.css:1:1: Cannot apply unknown utility class `border-border`
    [at error (turbopack:///[project]/node_modules/postcss/lib/input.js:135:16)]
    [at error (turbopack:///[project]/node_modules/postcss/lib/node.js:146:32)]
    [at Object.Once (C:\Users\usuario\GestForce1\node_modules\@tailwindcss\postcss\dist\index.js:10:6917)]
    [at async LazyResult.runAsync (turbopack:///[project]/node_modules/postcss/lib/lazy-result.js:293:11)]
    [at async transform (turbopack:///[turbopack-node]/transforms/postcss.ts:70:34)]
    [at async run (turbopack:///[turbopack-node]/child_process/evaluate.ts:89:23)]

Import trace:
  Client Component Browser:
    ./src/app/globals.css [Client Component Browser]
    ./src/app/layout.tsx [Server Component]


[browser] ./src/app/globals.css
Error evaluating Node.js code
CssSyntaxError: tailwindcss: C:\Users\usuario\GestForce1\src\app\globals.css:1:1: Cannot apply unknown utility class `border-border`
    [at error (turbopack:///[project]/node_modules/postcss/lib/input.js:135:16)]
    [at error (turbopack:///[project]/node_modules/postcss/lib/node.js:146:32)]
    [at Object.Once (C:\Users\usuario\GestForce1\node_modules\@tailwindcss\postcss\dist\index.js:10:6917)]
    [at async LazyResult.runAsync (turbopack:///[project]/node_modules/postcss/lib/lazy-result.js:293:11)]
    [at async transform (turbopack:///[turbopack-node]/transforms/postcss.ts:70:34)]
    [at async run (turbopack:///[turbopack-node]/child_process/evaluate.ts:89:23)]

Import trace:
  Client Component Browser:
    ./src/app/globals.css [Client Component Browser]
    ./src/app/layout.tsx [Server Component] 
[browser] ./src/app/globals.css
Error evaluating Node.js code
CssSyntaxError: tailwindcss: C:\Users\usuario\GestForce1\src\app\globals.css:1:1: Cannot apply unknown utility class `border-border`
    [at error (turbopack:///[project]/node_modules/postcss/lib/input.js:135:16)]
    [at error (turbopack:///[project]/node_modules/postcss/lib/node.js:146:32)]
    [at Object.Once (C:\Users\usuario\GestForce1\node_modules\@tailwindcss\postcss\dist\index.js:10:6917)]
    [at async LazyResult.runAsync (turbopack:///[project]/node_modules/postcss/lib/lazy-result.js:293:11)]
    [at async transform (turbopack:///[turbopack-node]/transforms/postcss.ts:70:34)]
    [at async run (turbopack:///[turbopack-node]/child_process/evaluate.ts:89:23)]

Import trace:
  Client Component Browser:
    ./src/app/globals.css [Client Component Browser]
    ./src/app/layout.tsx [Server Component] 
[browser] ./src/app/globals.css
Error evaluating Node.js code
CssSyntaxError: tailwindcss: C:\Users\usuario\GestForce1\src\app\globals.css:1:1: Cannot apply unknown utility class `border-border`
    [at error (turbopack:///[project]/node_modules/postcss/lib/input.js:135:16)]
    [at error (turbopack:///[project]/node_modules/postcss/lib/node.js:146:32)]
    [at Object.Once (C:\Users\usuario\GestForce1\node_modules\@tailwindcss\postcss\dist\index.js:10:6917)]
    [at async LazyResult.runAsync (turbopack:///[project]/node_modules/postcss/lib/lazy-result.js:293:11)]
    [at async transform (turbopack:///[turbopack-node]/transforms/postcss.ts:70:34)]
    [at async run (turbopack:///[turbopack-node]/child_process/evaluate.ts:89:23)]

Import trace:
  Client Component Browser:
    ./src/app/globals.css [Client Component Browser]
    ./src/app/layout.tsx [Server Component] 
[browser] ./src/app/globals.css
Error evaluating Node.js code
CssSyntaxError: tailwindcss: C:\Users\usuario\GestForce1\src\app\globals.css:1:1: Cannot apply unknown utility class `border-border`
    [at error (turbopack:///[project]/node_modules/postcss/lib/input.js:135:16)]
    [at error (turbopack:///[project]/node_modules/postcss/lib/node.js:146:32)]
    [at Object.Once (C:\Users\usuario\GestForce1\node_modules\@tailwindcss\postcss\dist\index.js:10:6917)]
    [at async LazyResult.runAsync (turbopack:///[project]/node_modules/postcss/lib/lazy-result.js:293:11)]
    [at async transform (turbopack:///[turbopack-node]/transforms/postcss.ts:70:34)]
    [at async run (turbopack:///[turbopack-node]/child_process/evaluate.ts:89:23)]

Import trace:
  Client Component Browser:
    ./src/app/globals.css [Client Component Browser]
    ./src/app/layout.tsx [Server Component] 
Error: Cannot apply unknown utility class `bg-background`
    [2m[at onInvalidCandidate (C:\Users\usuario\GestForce1\node_modules\tailwindcss\dist\lib.js:21:1511)][0m
    [2m[at Ne (C:\Users\usuario\GestForce1\node_modules\tailwindcss\dist\lib.js:16:38783)][0m
    [2m[at C:\Users\usuario\GestForce1\node_modules\tailwindcss\dist\lib.js:21:355][0m
    [2m[at zr (C:\Users\usuario\GestForce1\node_modules\tailwindcss\dist\lib.js:3:1733)][0m
    [2m[at I (C:\Users\usuario\GestForce1\node_modules\tailwindcss\dist\lib.js:3:1377)][0m
    [2m[at Ee (C:\Users\usuario\GestForce1\node_modules\tailwindcss\dist\lib.js:21:172)][0m
    [2m[at vn (C:\Users\usuario\GestForce1\node_modules\tailwindcss\dist\lib.js:38:294)][0m
    [2m[at async kn (C:\Users\usuario\GestForce1\node_modules\tailwindcss\dist\lib.js:38:631)][0m
    [2m[at async Xr (C:\Users\usuario\GestForce1\node_modules\@tailwindcss\node\dist\index.js:10:3415)][0m
    [2m[at async E (C:\Users\usuario\GestForce1\node_modules\@tailwindcss\postcss\dist\index.js:10:3983)][0m
[browser] ./src/app/globals.css
Error evaluating Node.js code
CssSyntaxError: tailwindcss: C:\Users\usuario\GestForce1\src\app\globals.css:1:1: Cannot apply unknown utility class `border-border`
    [at error (turbopack:///[project]/node_modules/postcss/lib/input.js:135:16)]
    [at error (turbopack:///[project]/node_modules/postcss/lib/node.js:146:32)]
    [at Object.Once (C:\Users\usuario\GestForce1\node_modules\@tailwindcss\postcss\dist\index.js:10:6917)]
    [at async LazyResult.runAsync (turbopack:///[project]/node_modules/postcss/lib/lazy-result.js:293:11)]
    [at async transform (turbopack:///[turbopack-node]/transforms/postcss.ts:70:34)]
    [at async run (turbopack:///[turbopack-node]/child_process/evaluate.ts:89:23)]

Import trace:
  Client Component Browser:
    ./src/app/globals.css [Client Component Browser]
    ./src/app/layout.tsx [Server Component] 
[browser] ./src/app/globals.css
Error evaluating Node.js code
CssSyntaxError: tailwindcss: C:\Users\usuario\GestForce1\src\app\globals.css:1:1: Cannot apply unknown utility class `border-border`
    [at error (turbopack:///[project]/node_modules/postcss/lib/input.js:135:16)]
    [at error (turbopack:///[project]/node_modules/postcss/lib/node.js:146:32)]
    [at Object.Once (C:\Users\usuario\GestForce1\node_modules\@tailwindcss\postcss\dist\index.js:10:6917)]
    [at async LazyResult.runAsync (turbopack:///[project]/node_modules/postcss/lib/lazy-result.js:293:11)]
    [at async transform (turbopack:///[turbopack-node]/transforms/postcss.ts:70:34)]
    [at async run (turbopack:///[turbopack-node]/child_process/evaluate.ts:89:23)]

Import trace:
  Client Component Browser:
    ./src/app/globals.css [Client Component Browser]
    ./src/app/layout.tsx [Server Component] 
[browser] ./src/app/globals.css
Error evaluating Node.js code
CssSyntaxError: tailwindcss: C:\Users\usuario\GestForce1\src\app\globals.css:1:1: Cannot apply unknown utility class `border-border`
    [at error (turbopack:///[project]/node_modules/postcss/lib/input.js:135:16)]
    [at error (turbopack:///[project]/node_modules/postcss/lib/node.js:146:32)]
    [at Object.Once (C:\Users\usuario\GestForce1\node_modules\@tailwindcss\postcss\dist\index.js:10:6917)]
    [at async LazyResult.runAsync (turbopack:///[project]/node_modules/postcss/lib/lazy-result.js:293:11)]
    [at async transform (turbopack:///[turbopack-node]/transforms/postcss.ts:70:34)]
    [at async run (turbopack:///[turbopack-node]/child_process/evaluate.ts:89:23)]

Import trace:
  Client Component Browser:
    ./src/app/globals.css [Client Component Browser]
    ./src/app/layout.tsx [Server Component] 
[browser] ./src/app/globals.css
Error evaluating Node.js code
CssSyntaxError: tailwindcss: C:\Users\usuario\GestForce1\src\app\globals.css:1:1: Cannot apply unknown utility class `bg-background`
    [at error (turbopack:///[project]/node_modules/postcss/lib/input.js:135:16)]
    [at error (turbopack:///[project]/node_modules/postcss/lib/node.js:146:32)]
    [at Object.Once (C:\Users\usuario\GestForce1\node_modules\@tailwindcss\postcss\dist\index.js:10:6917)]
    [at async LazyResult.runAsync (turbopack:///[project]/node_modules/postcss/lib/lazy-result.js:293:11)]
    [at async transform (turbopack:///[turbopack-node]/transforms/postcss.ts:70:34)]
    [at async run (turbopack:///[turbopack-node]/child_process/evaluate.ts:89:23)]

Import trace:
  Client Component Browser:
    ./src/app/globals.css [Client Component Browser]
    ./src/app/layout.tsx [Server Component] 
[browser] ./src/app/globals.css
Error evaluating Node.js code
CssSyntaxError: tailwindcss: C:\Users\usuario\GestForce1\src\app\globals.css:1:1: Cannot apply unknown utility class `bg-background`
    [at error (turbopack:///[project]/node_modules/postcss/lib/input.js:135:16)]
    [at error (turbopack:///[project]/node_modules/postcss/lib/node.js:146:32)]
    [at Object.Once (C:\Users\usuario\GestForce1\node_modules\@tailwindcss\postcss\dist\index.js:10:6917)]
    [at async LazyResult.runAsync (turbopack:///[project]/node_modules/postcss/lib/lazy-result.js:293:11)]
    [at async transform (turbopack:///[turbopack-node]/transforms/postcss.ts:70:34)]
    [at async run (turbopack:///[turbopack-node]/child_process/evaluate.ts:89:23)]

Import trace:
  Client Component Browser:
    ./src/app/globals.css [Client Component Browser]
    ./src/app/layout.tsx [Server Component] 
⨯ ./src/app/globals.css
Error evaluating Node.js code
CssSyntaxError: tailwindcss: C:\Users\usuario\GestForce1\src\app\globals.css:1:1: Cannot apply unknown utility class `bg-background`
    [at error (turbopack:///[project]/node_modules/postcss/lib/input.js:135:16)]
    [at error (turbopack:///[project]/node_modules/postcss/lib/node.js:146:32)]
    [at Object.Once (C:\Users\usuario\GestForce1\node_modules\@tailwindcss\postcss\dist\index.js:10:6917)]
    [at async LazyResult.runAsync (turbopack:///[project]/node_modules/postcss/lib/lazy-result.js:293:11)]
    [at async transform (turbopack:///[turbopack-node]/transforms/postcss.ts:70:34)]
    [at async run (turbopack:///[turbopack-node]/child_process/evaluate.ts:89:23)]

Import trace:
  Client Component Browser:
    ./src/app/globals.css [Client Component Browser]
    ./src/app/layout.tsx [Server Component]


[browser] ./src/app/globals.css
Error evaluating Node.js code
CssSyntaxError: tailwindcss: C:\Users\usuario\GestForce1\src\app\globals.css:1:1: Cannot apply unknown utility class `bg-background`
    [at error (turbopack:///[project]/node_modules/postcss/lib/input.js:135:16)]
    [at error (turbopack:///[project]/node_modules/postcss/lib/node.js:146:32)]
    [at Object.Once (C:\Users\usuario\GestForce1\node_modules\@tailwindcss\postcss\dist\index.js:10:6917)]
    [at async LazyResult.runAsync (turbopack:///[project]/node_modules/postcss/lib/lazy-result.js:293:11)]
    [at async transform (turbopack:///[turbopack-node]/transforms/postcss.ts:70:34)]
    [at async run (turbopack:///[turbopack-node]/child_process/evaluate.ts:89:23)]

Import trace:
  Client Component Browser:
    ./src/app/globals.css [Client Component Browser]
    ./src/app/layout.tsx [Server Component] 
 GET / 500 in 571ms (next.js: 61ms, proxy.ts: 423ms, application-code: 87ms)
[browser] Uncaught Error: ./src/app/globals.css
Error evaluating Node.js code
CssSyntaxError: tailwindcss: C:\Users\usuario\GestForce1\src\app\globals.css:1:1: Cannot apply unknown utility class `bg-background`
    [at error (turbopack:///[project]/node_modules/postcss/lib/input.js:135:16)]
    [at error (turbopack:///[project]/node_modules/postcss/lib/node.js:146:32)]
    [at Object.Once (C:\Users\usuario\GestForce1\node_modules\@tailwindcss\postcss\dist\index.js:10:6917)]
    [at async LazyResult.runAsync (turbopack:///[project]/node_modules/postcss/lib/lazy-result.js:293:11)]
    [at async transform (turbopack:///[turbopack-node]/transforms/postcss.ts:70:34)]
    [at async run (turbopack:///[turbopack-node]/child_process/evaluate.ts:89:23)]

Import trace:
  Client Component Browser:
    ./src/app/globals.css [Client Component Browser]
    ./src/app/layout.tsx [Server Component]


[browser] ./src/app/globals.css
Error evaluating Node.js code
CssSyntaxError: tailwindcss: C:\Users\usuario\GestForce1\src\app\globals.css:1:1: Cannot apply unknown utility class `bg-background`
    [at error (turbopack:///[project]/node_modules/postcss/lib/input.js:135:16)]
    [at error (turbopack:///[project]/node_modules/postcss/lib/node.js:146:32)]
    [at Object.Once (C:\Users\usuario\GestForce1\node_modules\@tailwindcss\postcss\dist\index.js:10:6917)]
    [at async LazyResult.runAsync (turbopack:///[project]/node_modules/postcss/lib/lazy-result.js:293:11)]
    [at async transform (turbopack:///[turbopack-node]/transforms/postcss.ts:70:34)]
    [at async run (turbopack:///[turbopack-node]/child_process/evaluate.ts:89:23)]

Import trace:
  Client Component Browser:
    ./src/app/globals.css [Client Component Browser]
    ./src/app/layout.tsx [Server Component] 
[browser] ./src/app/globals.css
Error evaluating Node.js code
CssSyntaxError: tailwindcss: C:\Users\usuario\GestForce1\src\app\globals.css:1:1: Cannot apply unknown utility class `bg-background`
    [at error (turbopack:///[project]/node_modules/postcss/lib/input.js:135:16)]
    [at error (turbopack:///[project]/node_modules/postcss/lib/node.js:146:32)]
    [at Object.Once (C:\Users\usuario\GestForce1\node_modules\@tailwindcss\postcss\dist\index.js:10:6917)]
    [at async LazyResult.runAsync (turbopack:///[project]/node_modules/postcss/lib/lazy-result.js:293:11)]
    [at async transform (turbopack:///[turbopack-node]/transforms/postcss.ts:70:34)]
    [at async run (turbopack:///[turbopack-node]/child_process/evaluate.ts:89:23)]

Import trace:
  Client Component Browser:
    ./src/app/globals.css [Client Component Browser]
    ./src/app/layout.tsx [Server Component] 
[browser] ./src/app/globals.css
Error evaluating Node.js code
CssSyntaxError: tailwindcss: C:\Users\usuario\GestForce1\src\app\globals.css:1:1: Cannot apply unknown utility class `bg-background`
    [at error (turbopack:///[project]/node_modules/postcss/lib/input.js:135:16)]
    [at error (turbopack:///[project]/node_modules/postcss/lib/node.js:146:32)]
    [at Object.Once (C:\Users\usuario\GestForce1\node_modules\@tailwindcss\postcss\dist\index.js:10:6917)]
    [at async LazyResult.runAsync (turbopack:///[project]/node_modules/postcss/lib/lazy-result.js:293:11)]
    [at async transform (turbopack:///[turbopack-node]/transforms/postcss.ts:70:34)]
    [at async run (turbopack:///[turbopack-node]/child_process/evaluate.ts:89:23)]

Import trace:
  Client Component Browser:
    ./src/app/globals.css [Client Component Browser]
    ./src/app/layout.tsx [Server Component] 
[browser] ./src/app/globals.css
Error evaluating Node.js code
CssSyntaxError: tailwindcss: C:\Users\usuario\GestForce1\src\app\globals.css:1:1: Cannot apply unknown utility class `bg-background`
    [at error (turbopack:///[project]/node_modules/postcss/lib/input.js:135:16)]
    [at error (turbopack:///[project]/node_modules/postcss/lib/node.js:146:32)]
    [at Object.Once (C:\Users\usuario\GestForce1\node_modules\@tailwindcss\postcss\dist\index.js:10:6917)]
    [at async LazyResult.runAsync (turbopack:///[project]/node_modules/postcss/lib/lazy-result.js:293:11)]
    [at async transform (turbopack:///[turbopack-node]/transforms/postcss.ts:70:34)]
    [at async run (turbopack:///[turbopack-node]/child_process/evaluate.ts:89:23)]

Import trace:
  Client Component Browser:
    ./src/app/globals.css [Client Component Browser]
    ./src/app/layout.tsx [Server Component] 
[browser] ./src/app/globals.css
Error evaluating Node.js code
CssSyntaxError: tailwindcss: C:\Users\usuario\GestForce1\src\app\globals.css:1:1: Cannot apply unknown utility class `bg-background`
    [at error (turbopack:///[project]/node_modules/postcss/lib/input.js:135:16)]
    [at error (turbopack:///[project]/node_modules/postcss/lib/node.js:146:32)]
    [at Object.Once (C:\Users\usuario\GestForce1\node_modules\@tailwindcss\postcss\dist\index.js:10:6917)]
    [at async LazyResult.runAsync (turbopack:///[project]/node_modules/postcss/lib/lazy-result.js:293:11)]
    [at async transform (turbopack:///[turbopack-node]/transforms/postcss.ts:70:34)]
    [at async run (turbopack:///[turbopack-node]/child_process/evaluate.ts:89:23)]

Import trace:
  Client Component Browser:
    ./src/app/globals.css [Client Component Browser]
    ./src/app/layout.tsx [Server Component] 
✓ Compiled in 8.6s
 GET / 200 in 1989ms (next.js: 27ms, proxy.ts: 247ms, application-code: 1715ms)
 GET /select-company 200 in 928ms (next.js: 468ms, proxy.ts: 219ms, application-code: 242ms)
 GET / 200 in 482ms (next.js: 20ms, proxy.ts: 224ms, application-code: 239ms)
 GET / 200 in 419ms (next.js: 16ms, proxy.ts: 206ms, application-code: 197ms)
 GET / 200 in 987ms (next.js: 19ms, proxy.ts: 233ms, application-code: 735ms)
 GET /select-company 200 in 719ms (next.js: 30ms, proxy.ts: 181ms, application-code: 507ms)
 GET / 200 in 376ms (next.js: 19ms, proxy.ts: 178ms, application-code: 178ms)
 GET / 200 in 468ms (next.js: 38ms, proxy.ts: 218ms, application-code: 211ms)
○ Compiling /purchases ...
 GET /purchases 200 in 7.2s (next.js: 6.8s, proxy.ts: 233ms, application-code: 225ms)
 GET /settings 200 in 3.5s (next.js: 3.0s, proxy.ts: 262ms, application-code: 268ms)
 GET /settings 200 in 1982ms (next.js: 25ms, proxy.ts: 444ms, application-code: 1513ms)
 GET /select-company 200 in 480ms (next.js: 25ms, proxy.ts: 312ms, application-code: 143ms)
 GET / 200 in 581ms (next.js: 18ms, proxy.ts: 166ms, application-code: 398ms)
 GET / 200 in 567ms (next.js: 39ms, proxy.ts: 245ms, application-code: 283ms)
